[1A[2K[2m[WebServer] [22m[31mWebSocket server error: Port 443 is already in use[39m


Running 1 test using 1 worker

[1A[2K[1/1] [chromium] › tests\e2e\admin-tagging.spec.ts:87:3 › Admin Tagging Flow - Legacy/Fallback › should allow assigning a baker even without ImageEntity
[1A[2K  1) [chromium] › tests\e2e\admin-tagging.spec.ts:87:3 › Admin Tagging Flow - Legacy/Fallback › should allow assigning a baker even without ImageEntity 

    Error: [2mexpect([22m[31mlocator[39m[2m).[22mtoBeVisible[2m([22m[2m)[22m failed

    Locator: getByRole('button', { name: /Cookie 1/ })
    Expected: visible
    Timeout: 10000ms
    Error: element(s) not found

    Call log:
    [2m  - Expect "toBeVisible" with timeout 10000ms[22m
    [2m  - waiting for getByRole('button', { name: /Cookie 1/ })[22m


      90 |         // Use the aria-label constructed in CookieViewer: "Cookie 1: 90.0% confidence"
      91 |         const cookieButton = page.getByRole('button', { name: /Cookie 1/ });
    > 92 |         await expect(cookieButton).toBeVisible({ timeout: 10000 });
         |                                    ^
      93 |
      94 |         // 3. Click the cookie to open assignment menu
      95 |         await cookieButton.click();
        at C:\Users\tywho\OneDrive\Documents\Development\GitHub\CookieVoting\tests\e2e\admin-tagging.spec.ts:92:36

    attachment #1: screenshot (image/png) ──────────────────────────────────────────────────────────
    test-results\admin-tagging-Admin-Taggin-485bb-er-even-without-ImageEntity-chromium\test-failed-1.png
    ────────────────────────────────────────────────────────────────────────────────────────────────

    Error Context: test-results\admin-tagging-Admin-Taggin-485bb-er-even-without-ImageEntity-chromium\error-context.md


[1A[2K  1 failed
    [chromium] › tests\e2e\admin-tagging.spec.ts:87:3 › Admin Tagging Flow - Legacy/Fallback › should allow assigning a baker even without ImageEntity 
